--------------------------------------------------------------------------------
Release 14.7 Trace  (nt64)
Copyright (c) 1995-2013 Xilinx, Inc.  All rights reserved.

C:\Xilinx\14.7\ISE_DS\ISE\bin\nt64\unwrapped\trce.exe -intstyle ise -v 3 -s 3
-n 3 -fastpaths -xml adder_subtractor_fourbit_delay.twx
adder_subtractor_fourbit_delay.ncd -o adder_subtractor_fourbit_delay.twr
adder_subtractor_fourbit_delay.pcf

Design file:              adder_subtractor_fourbit_delay.ncd
Physical constraint file: adder_subtractor_fourbit_delay.pcf
Device,package,speed:     xc7a100t,csg324,C,-3 (PRODUCTION 1.10 2013-10-13)
Report level:             verbose report

Environment Variable      Effect 
--------------------      ------ 
NONE                      No environment variables were set
--------------------------------------------------------------------------------

INFO:Timing:2698 - No timing constraints found, doing default enumeration.
INFO:Timing:3412 - To improve timing, see the Timing Closure User Guide (UG612).
INFO:Timing:2752 - To get complete path coverage, use the unconstrained paths 
   option. All paths that are not constrained will be reported in the 
   unconstrained paths section(s) of the report.
INFO:Timing:3339 - The clock-to-out numbers in this timing report are based on 
   a 50 Ohm transmission line loading model.  For the details of this model, 
   and for more information on accounting for different loading conditions, 
   please see the device datasheet.



Data Sheet report:
-----------------
All values displayed in nanoseconds (ns)

Pad to Pad
---------------+---------------+---------+
Source Pad     |Destination Pad|  Delay  |
---------------+---------------+---------+
A<0>           |S<0>           |    5.476|
A<0>           |S<1>           |    5.665|
A<0>           |S<2>           |    5.907|
A<0>           |S<3>           |    5.818|
A<1>           |S<1>           |    5.386|
A<1>           |S<2>           |    5.626|
A<1>           |S<3>           |    5.537|
A<2>           |S<2>           |    5.568|
A<2>           |S<3>           |    5.429|
A<3>           |S<3>           |    5.585|
B<0>           |S<0>           |    5.360|
B<0>           |S<1>           |    5.530|
B<0>           |S<2>           |    5.764|
B<0>           |S<3>           |    5.675|
B<1>           |S<1>           |    5.642|
B<1>           |S<2>           |    5.891|
B<1>           |S<3>           |    5.802|
B<2>           |S<2>           |    5.445|
B<2>           |S<3>           |    5.649|
B<3>           |S<3>           |    5.127|
sel            |S<1>           |    5.698|
sel            |S<2>           |    5.931|
sel            |S<3>           |    5.842|
---------------+---------------+---------+


Analysis completed Tue Dec 01 14:22:14 2020 
--------------------------------------------------------------------------------

Trace Settings:
-------------------------
Trace Settings 

Peak Memory Usage: 4946 MB



